// Jest Snapshot v1, https://goo.gl/fbAQLP

exports[`<AddButton/> should match snapshot 1`] = `null`;
